[4mT[24m(1)                        General Commands Manual                       [4mT[24m(1)

[1mNAME[0m
       [1mt [22m- test

[1mtest[0m
         A blockquote here.
         Continuing on second line.

       Hello.

              Another  block  quote. With a long title. That will break a line
              eventually later.
              that continues on second line
              continuation

                                 January 1979                             [4mT[24m(1)
