[4mELLIPSES[24m(7)            Miscellaneous Information Manual            [4mELLIPSES[24m(7)

[1mNAME[0m
       [1mellipses [22m- testing ellipses

       Ellipses should be replaced...

       ...also, they shouldnâ€™t interfere with regular dots at the beginning
       of a line.

                                 January 1979                      [4mELLIPSES[24m(7)
