[4mHELLO[24m(1)                    General Commands Manual                   [4mHELLO[24m(1)

[1mNAME[0m
       [1mhello [22m- hello world

       Your output <i>might</i> look like this:
         * Chris
         *
         * &lt;b&gt;GitHub&lt;/b&gt;
         * <b>GitHub</b>

       Hereâ€™s some special entities:

        â€¢ &bull;       â—‹

        â€¢ &nbsp;

        â€¢ &copy;       Â©

        â€¢ &rdquo;      \

        â€¢ &mdash;      â€”

        â€¢ &reg;        Â®

        â€¢ &sect;       Â§

        â€¢ &ge;         â‰¥

        â€¢ &le;         â‰¤

        â€¢ &ne;         â‰ 

        â€¢ &equiv;      â‰¡

        â€¢ &plusmn;     Â±

       Hereâ€™s a line that uses non-breaking spaces to force the
       last few words to wrap together.

                                 January 1979                         [4mHELLO[24m(1)
