[4mTEST[24m(1)                     General Commands Manual                    [4mTEST[24m(1)

[1mNAME[0m
       [1mtest[0m

[1mthis title will render strangely[0m
       This is the body text.

                                 January 1979                          [4mTEST[24m(1)
