[4mLINKS[24m(1)                    General Commands Manual                   [4mLINKS[24m(1)

[1mNAME[0m
       [1mlinks[0m

       I get 10 times more traffic from ]8;;http://google.com/\[4mGoogle[24m]8;;\ than from
       ]8;;http://search.yahoo.com/\[4mYahoo[24m [4mSearch[24m]8;;\ or ]8;;http://search.msn.com/\[4mMSN[24m [4mSearch[24m]8;;\.

       This is to test proper escape of html chars and non-repeating link:
       xxxxx@xxxx.xxxx.xxxx.xx

       I get 10 times more traffic from ]8;;http://google.com/\[4mGoogle[24m]8;;\ than from
       ]8;;http://search.yahoo.com/\[4mYahoo[24m [4mSearch[24m]8;;\ or ]8;;http://search.msn.com/\[4mMSN[24m [4mSearch[24m]8;;\.

       Non-repeating http link https://example.com/test

       Also
       ]8;;http://google.com/\[4mGoogle[24m]8;;\

       and ]8;;./table.md\[4mlocal[24m [4mlinks[24m [4mshould[24m [4mnot[24m [4mcrash[24m]8;;\

                                 January 1979                         [4mLINKS[24m(1)
