[4mA[24m(1)                        General Commands Manual                       [4mA[24m(1)

[1mNAME[0m
       [1ma[0m

       Tight list:

        ‚Ä¢ [1mtoggle_status[0m

         ‚Ä¢ Toggle the display of the status bar1

         ‚Ä¢ Toggle the display of the status bar2

        ‚Ä¢ [1mspawn  <executable> <additional args> [22mTODO explain path-alike expan‚Äê
          sion

       Loose list:

        ‚Ä¢ [1mtoggle_status[0m

         ‚Ä¢ Toggle the display of the status bar1

         ‚Ä¢ Toggle the display of the status bar2

        ‚Ä¢ [1mspawn <executable> <additional args> [22mTODO explain path-alike  expan‚Äê
          sion

                                 January 1979                             [4mA[24m(1)
