[4mTEST[24m(1)                     General Commands Manual                    [4mTEST[24m(1)

[1mNAME[0m
       test - a nice test

[1mSYNOPSYS[0m
       test is a test

                                 January 1979                          [4mTEST[24m(1)
