[4mT[24m(1)                        General Commands Manual                       [4mT[24m(1)

[1mNAME[0m
       [1mt [22m- test

[1mtest[0m
         [ "$11" ]

                                 January 1979                             [4mT[24m(1)
