[4mSIMPLE_TABLE[24m(1)             General Commands Manual            [4mSIMPLE_TABLE[24m(1)

[1mNAME[0m
       [1msimple_table[0m
       ┌──────────────────────────────────────────────────────────┐
       │ Col1                      Col2                      Col3 │
       ├──────────────────────────────────────────────────────────┤
       │ A                           B                          C │
       ├──────────────────────────────────────────────────────────┤
       │ D                           E                          F │
       └──────────────────────────────────────────────────────────┘

                                 January 1979                  [4mSIMPLE_TABLE[24m(1)
